		{安装---<姓名><邮箱>}config
$ git config --global user.name "Your Name"
$ git config --global user.email "email@example.com"
---------------------------------
		{初始库---<新建文件夹><进入文件夹><初始化管理>}
$ mkdir learngit
$ cd learngit
$ pwd
	/Users/michael/learngit
				 （变成管理仓库）
$ git init
		Initialized empty Git repository in /Users/michael/learngit/.git/

-------------------------------------------------------------
		{常用操作---<修改><提交>}
$ git add test.txt
$ git commit -m "wrote a test file"

			/*多个改动
			$ git add file1.txt
			$ git add file2.txt
			$ git add file3.txt
			$ git commit -m "add 3 files."*/

-----------------------------
		{查看状态，<库文档变化><文档内容变化><版本日志>}
$ git status
		On branch master
		nothing to commit, working directory clean

$ git diff

$ git log
		commit 9608ce5072b6095bcb29572add5c34d9965d305b
		Author: miaomiaotab <568242201@qq.com>
		Date:   Wed Jun 8 10:07:15 2016 +0800
		    modify test.txt
		 简化
$ git log --pretty=oneline 
-----------------------------
		{<版本回退>}
$ git reset --hard HEAD^
		HEAD is now at fa5ec6a 添加版本回退内容